exports[`ChipStack shows up for amounts greater than zero 1`] = `
<div
  className="chip-stack">
  <div
    className="amount">
    9001
  </div>
</div>
`;
